[debug] [2026-06-28T15:58:40.564Z] ----------------------------------------------------------------------
[debug] [2026-06-28T15:58:40.569Z] Command:       /usr/local/bin/node /usr/local/bin/firebase emulators:start
[debug] [2026-06-28T15:58:40.569Z] CLI Version:   15.22.3
[debug] [2026-06-28T15:58:40.569Z] Platform:      darwin
[debug] [2026-06-28T15:58:40.569Z] Node Version:  v20.17.0
[debug] [2026-06-28T15:58:40.569Z] Detected Agent: unknown
[debug] [2026-06-28T15:58:40.569Z] Time:          Mon Jun 29 2026 00:58:40 GMT+0900 (Japan Standard Time)
[debug] [2026-06-28T15:58:40.569Z] ----------------------------------------------------------------------
[debug] 
[debug] [2026-06-28T15:58:41.472Z] > command requires scopes: ["email","openid","https://www.googleapis.com/auth/cloudplatformprojects.readonly","https://www.googleapis.com/auth/firebase","https://www.googleapis.com/auth/cloud-platform"]
[debug] [2026-06-28T15:58:41.472Z] > authorizing via signed-in user (legolesia@gmail.com)
[debug] [2026-06-28T15:58:41.550Z] openjdk version "21.0.11" 2026-04-21

[debug] [2026-06-28T15:58:41.550Z] OpenJDK Runtime Environment Homebrew (build 21.0.11)
OpenJDK 64-Bit Server VM Homebrew (build 21.0.11, mixed mode, sharing)

[debug] [2026-06-28T15:58:41.553Z] Parsed Java major version: 21
[info] i  emulators: Starting emulators: functions, firestore, extensions {"metadata":{"emulator":{"name":"hub"},"message":"Starting emulators: functions, firestore, extensions"}}
[debug] [2026-06-28T15:58:41.554Z] Checked if tokens are valid: true, expires at: 1782664528598
[debug] [2026-06-28T15:58:41.555Z] Checked if tokens are valid: true, expires at: 1782664528598
[debug] [2026-06-28T15:58:41.555Z] >>> [apiv2][query] GET https://cloudresourcemanager.googleapis.com/v1/projects/test-fmating-app-11 [none]
[debug] [2026-06-28T15:58:42.301Z] <<< [apiv2][status] GET https://cloudresourcemanager.googleapis.com/v1/projects/test-fmating-app-11 200
[debug] [2026-06-28T15:58:42.301Z] <<< [apiv2][body] GET https://cloudresourcemanager.googleapis.com/v1/projects/test-fmating-app-11 {"projectNumber":"302104955048","projectId":"test-fmating-app-11","lifecycleState":"ACTIVE","name":"test-fmating-app-11","labels":{"firebase":"enabled","firebase-core":"disabled"},"createTime":"2026-05-15T14:50:23.315Z"}
[debug] [2026-06-28T15:58:42.795Z] [logging] Logging Emulator only supports listening on one address (127.0.0.1). Not listening on ::1
[debug] [2026-06-28T15:58:42.795Z] [firestore] Firestore Emulator only supports listening on one address (127.0.0.1). Not listening on ::1
[debug] [2026-06-28T15:58:42.795Z] [firestore.websocket] websocket server for firestore only supports listening on one address (127.0.0.1). Not listening on ::1
[debug] [2026-06-28T15:58:42.795Z] assigned listening specs for emulators {"user":{"hub":[{"address":"127.0.0.1","family":"IPv4","port":4400},{"address":"::1","family":"IPv6","port":4400}],"ui":[{"address":"127.0.0.1","family":"IPv4","port":4000},{"address":"::1","family":"IPv6","port":4000}],"logging":[{"address":"127.0.0.1","family":"IPv4","port":4500}],"firestore":[{"address":"127.0.0.1","family":"IPv4","port":8080}],"firestore.websocket":[{"address":"127.0.0.1","family":"IPv4","port":9150}]},"metadata":{"message":"assigned listening specs for emulators"}}
[debug] [2026-06-28T15:58:42.799Z] Write emulator hub locator at /var/folders/sv/3ptns1gn5n5fb16cw78wtwph0000gn/T/hub-test-fmating-app-11.json
[debug] [2026-06-28T15:58:42.803Z] [Extensions] Started Extensions emulator, this is a noop.
[debug] [2026-06-28T15:58:43.077Z] [functions] Functions Emulator only supports listening on one address (127.0.0.1). Not listening on ::1
[debug] [2026-06-28T15:58:43.077Z] [eventarc] Eventarc Emulator only supports listening on one address (127.0.0.1). Not listening on ::1
[debug] [2026-06-28T15:58:43.077Z] [tasks] Cloud Tasks Emulator only supports listening on one address (127.0.0.1). Not listening on ::1
[debug] [2026-06-28T15:58:43.077Z] late-assigned ports for functions and eventarc emulators {"user":{"hub":[{"address":"127.0.0.1","family":"IPv4","port":4400},{"address":"::1","family":"IPv6","port":4400}],"ui":[{"address":"127.0.0.1","family":"IPv4","port":4000},{"address":"::1","family":"IPv6","port":4000}],"logging":[{"address":"127.0.0.1","family":"IPv4","port":4500}],"firestore":[{"address":"127.0.0.1","family":"IPv4","port":8080}],"firestore.websocket":[{"address":"127.0.0.1","family":"IPv4","port":9150}],"functions":[{"address":"127.0.0.1","family":"IPv4","port":5001}],"eventarc":[{"address":"127.0.0.1","family":"IPv4","port":9299}],"tasks":[{"address":"127.0.0.1","family":"IPv4","port":9499}]},"metadata":{"message":"late-assigned ports for functions and eventarc emulators"}}
[warn] ⚠  functions: The following emulators are not running, calls to these services from the Functions emulator will affect production: apphosting, auth, database, hosting, pubsub, storage, dataconnect {"metadata":{"emulator":{"name":"functions"},"message":"The following emulators are not running, calls to these services from the Functions emulator will affect production: \u001b[1mapphosting, auth, database, hosting, pubsub, storage, dataconnect\u001b[22m"}}
[debug] [2026-06-28T15:58:43.085Z] defaultcredentials: writing to file /Users/0v0/.config/firebase/legolesia_gmail_com_application_default_credentials.json
[debug] [2026-06-28T15:58:43.086Z] Setting GAC to /Users/0v0/.config/firebase/legolesia_gmail_com_application_default_credentials.json {"metadata":{"emulator":{"name":"functions"},"message":"Setting GAC to /Users/0v0/.config/firebase/legolesia_gmail_com_application_default_credentials.json"}}
[debug] [2026-06-28T15:58:43.087Z] Checked if tokens are valid: true, expires at: 1782664528598
[debug] [2026-06-28T15:58:43.087Z] Checked if tokens are valid: true, expires at: 1782664528598
[debug] [2026-06-28T15:58:43.087Z] >>> [apiv2][query] GET https://firebase.googleapis.com/v1beta1/projects/test-fmating-app-11/adminSdkConfig [none]
[debug] [2026-06-28T15:58:43.458Z] <<< [apiv2][status] GET https://firebase.googleapis.com/v1beta1/projects/test-fmating-app-11/adminSdkConfig 200
[debug] [2026-06-28T15:58:43.458Z] <<< [apiv2][body] GET https://firebase.googleapis.com/v1beta1/projects/test-fmating-app-11/adminSdkConfig {"projectId":"test-fmating-app-11","storageBucket":"test-fmating-app-11.firebasestorage.app"}
[debug] [2026-06-28T15:58:43.484Z] Ignoring unsupported arg: auto_download {"metadata":{"emulator":{"name":"firestore"},"message":"Ignoring unsupported arg: auto_download"}}
[debug] [2026-06-28T15:58:43.484Z] Ignoring unsupported arg: single_project_mode_error {"metadata":{"emulator":{"name":"firestore"},"message":"Ignoring unsupported arg: single_project_mode_error"}}
[debug] [2026-06-28T15:58:43.484Z] Starting Firestore Emulator with command {"binary":"java","args":["-Dgoogle.cloud_firestore.debug_log_level=FINE","-Duser.language=en","-jar","/Users/0v0/.cache/firebase/emulators/cloud-firestore-emulator-v1.21.0.jar","--host","127.0.0.1","--port",8080,"--websocket_port",9150,"--database-edition","standard","--project_id","test-fmating-app-11","--rules","/Users/0v0/apps/hobbymatch/firestore.rules","--single_project_mode",true,"--functions_emulator","127.0.0.1:5001"],"optionalArgs":["port","webchannel_port","host","rules","websocket_port","database-edition","functions_emulator","seed_from_export","project_id","single_project_mode"],"joinArgs":false,"shell":false,"port":8080} {"metadata":{"emulator":{"name":"firestore"},"message":"Starting Firestore Emulator with command {\"binary\":\"java\",\"args\":[\"-Dgoogle.cloud_firestore.debug_log_level=FINE\",\"-Duser.language=en\",\"-jar\",\"/Users/0v0/.cache/firebase/emulators/cloud-firestore-emulator-v1.21.0.jar\",\"--host\",\"127.0.0.1\",\"--port\",8080,\"--websocket_port\",9150,\"--database-edition\",\"standard\",\"--project_id\",\"test-fmating-app-11\",\"--rules\",\"/Users/0v0/apps/hobbymatch/firestore.rules\",\"--single_project_mode\",true,\"--functions_emulator\",\"127.0.0.1:5001\"],\"optionalArgs\":[\"port\",\"webchannel_port\",\"host\",\"rules\",\"websocket_port\",\"database-edition\",\"functions_emulator\",\"seed_from_export\",\"project_id\",\"single_project_mode\"],\"joinArgs\":false,\"shell\":false,\"port\":8080}"}}
[info] i  firestore: Firestore Emulator logging to firestore-debug.log {"metadata":{"emulator":{"name":"firestore"},"message":"Firestore Emulator logging to \u001b[1mfirestore-debug.log\u001b[22m"}}
[debug] [2026-06-28T15:58:44.323Z] Jun 29, 2026 12:58:44 AM com.google.cloud.datastore.emulator.firestore.websocket.WebSocketServer start
INFO: Started WebSocket server on ws://127.0.0.1:9150
 {"metadata":{"emulator":{"name":"firestore"},"message":"Jun 29, 2026 12:58:44 AM com.google.cloud.datastore.emulator.firestore.websocket.WebSocketServer start\nINFO: Started WebSocket server on ws://127.0.0.1:9150\n"}}
[debug] [2026-06-28T15:58:44.341Z] 
API endpoint: http:// {"metadata":{"emulator":{"name":"firestore"},"message":"\nAPI endpoint: http://"}}
[debug] [2026-06-28T15:58:44.341Z] 127.0.0.1:8080
Database Edition: STANDARD
Database Mode: CLOUD_FIRESTORE

If you are using a library that supports the FIRESTORE_EMULATOR_HOST environment variable, run:

   export FIRESTORE_EMULATOR_HOST=127.0.0.1:8080

If you are running a Firestore in Datastore Mode project, run:

   export DATASTORE_EMULATOR_HOST=127.0.0.1:8080

Note: Support for Datastore Mode is in preview. If you encounter any bugs please file at https://github.com/firebase/firebase-tools/issues.
Dev App Server is now running.

 {"metadata":{"emulator":{"name":"firestore"},"message":"127.0.0.1:8080\nDatabase Edition: STANDARD\nDatabase Mode: CLOUD_FIRESTORE\n\nIf you are using a library that supports the FIRESTORE_EMULATOR_HOST environment variable, run:\n\n   export FIRESTORE_EMULATOR_HOST=127.0.0.1:8080\n\nIf you are running a Firestore in Datastore Mode project, run:\n\n   export DATASTORE_EMULATOR_HOST=127.0.0.1:8080\n\nNote: Support for Datastore Mode is in preview. If you encounter any bugs please file at https://github.com/firebase/firebase-tools/issues.\nDev App Server is now running.\n\n"}}
[info] ✔  firestore: Firestore Emulator was started in standard edition. {"metadata":{"emulator":{"name":"firestore"},"message":"Firestore Emulator was started in standard edition."}}
[info] ✔  firestore: Firestore Emulator UI websocket is running on 9150. {"metadata":{"emulator":{"name":"firestore"},"message":"Firestore Emulator UI websocket is running on 9150."}}
[debug] [2026-06-28T15:58:44.502Z] [Extensions] Connecting Extensions emulator, this is a noop.
[info] i  functions: Watching "/Users/0v0/apps/hobbymatch/functions" for Cloud Functions... {"metadata":{"emulator":{"name":"functions"},"message":"Watching \"/Users/0v0/apps/hobbymatch/functions\" for Cloud Functions..."}}
[debug] [2026-06-28T15:58:44.504Z] Validating nodejs source
[debug] [2026-06-28T15:58:45.005Z] > [functions] package.json contents: {
  "name": "functions",
  "scripts": {
    "lint": "eslint --ext .js,.ts .",
    "build": "tsc",
    "build:watch": "tsc --watch",
    "serve": "npm run build && firebase emulators:start --only functions",
    "shell": "npm run build && firebase functions:shell",
    "start": "npm run shell",
    "deploy": "firebase deploy --only functions",
    "logs": "firebase functions:log"
  },
  "engines": {
    "node": "24"
  },
  "main": "lib/index.js",
  "dependencies": {
    "firebase-admin": "^13.6.0",
    "firebase-functions": "^7.0.0"
  },
  "devDependencies": {
    "@typescript-eslint/eslint-plugin": "^5.12.0",
    "@typescript-eslint/parser": "^5.12.0",
    "eslint": "^8.9.0",
    "eslint-config-google": "^0.14.0",
    "eslint-plugin-import": "^2.25.4",
    "firebase-functions-test": "^3.4.1",
    "typescript": "^6.0.0"
  },
  "private": true
}
[debug] [2026-06-28T15:58:45.005Z] Building nodejs source
[debug] [2026-06-28T15:58:45.005Z] Failed to find version of module node: reached end of search path /Users/0v0/apps/hobbymatch/functions/node_modules
[warn] ⚠  functions: Your requested "node" version "24" doesn't match your global version "20". Using node@20 from host. 
[debug] [2026-06-28T15:58:45.007Z] Could not find functions.yaml. Must use http discovery
[debug] [2026-06-28T15:58:45.016Z] Found firebase-functions binary at '/Users/0v0/apps/hobbymatch/functions/node_modules/.bin/firebase-functions'
[debug] [2026-06-28T15:58:45.018Z] Jun 29, 2026 12:58:44 AM com.google.cloud.datastore.emulator.firestore.websocket.WebSocketChannelHandler initChannel
INFO: Connected to new websocket client
 {"metadata":{"emulator":{"name":"firestore"},"message":"Jun 29, 2026 12:58:44 AM com.google.cloud.datastore.emulator.firestore.websocket.WebSocketChannelHandler initChannel\nINFO: Connected to new websocket client\n"}}
[info] Serving at port 8537

[debug] [2026-06-28T15:58:45.303Z] Got response from /__/functions.yaml {"endpoints":{"onLikeCreate":{"availableMemoryMb":null,"timeoutSeconds":null,"minInstances":null,"maxInstances":null,"ingressSettings":null,"concurrency":null,"serviceAccountEmail":null,"vpc":null,"platform":"gcfv2","region":["asia-northeast1"],"labels":{},"eventTrigger":{"eventType":"google.cloud.firestore.document.v1.created","eventFilters":{"database":"(default)","namespace":"(default)"},"eventFilterPathPatterns":{"document":"likes/{likedId}"},"retry":false},"entryPoint":"onLikeCreate"}},"specVersion":"v1alpha1","requiredAPIs":[],"extensions":{}}
[debug] [2026-06-28T15:58:50.331Z] defaultcredentials: writing to file /Users/0v0/.config/firebase/legolesia_gmail_com_application_default_credentials.json
[debug] [2026-06-28T15:58:50.332Z] Setting GAC to /Users/0v0/.config/firebase/legolesia_gmail_com_application_default_credentials.json {"metadata":{"emulator":{"name":"functions"},"message":"Setting GAC to /Users/0v0/.config/firebase/legolesia_gmail_com_application_default_credentials.json"}}
[info] ✔  functions: Loaded functions definitions from source: onLikeCreate. {"metadata":{"emulator":{"name":"functions"},"message":"Loaded functions definitions from source: onLikeCreate."}}
[debug] [2026-06-28T15:58:50.335Z] Found a v2 firestore trigger.
[debug] [2026-06-28T15:58:50.335Z] addFirestoreTrigger "{\"eventType\":\"google.cloud.firestore.document.v1.created\",\"database\":\"(default)\",\"namespace\":\"(default)\",\"document\":{\"value\":\"likes/{likedId}\",\"matchType\":\"PATH_PATTERN\"}}"
[debug] [2026-06-28T15:58:50.335Z] >>> [apiv2][query] POST http://127.0.0.1:8080/emulator/v1/projects/test-fmating-app-11/eventarcTrigger?eventarcTriggerId=asia-northeast1-onLikeCreate-0 [none]
[debug] [2026-06-28T15:58:50.336Z] >>> [apiv2][body] POST http://127.0.0.1:8080/emulator/v1/projects/test-fmating-app-11/eventarcTrigger?eventarcTriggerId=asia-northeast1-onLikeCreate-0 "{\"eventType\":\"google.cloud.firestore.document.v1.created\",\"database\":\"(default)\",\"namespace\":\"(default)\",\"document\":{\"value\":\"likes/{likedId}\",\"matchType\":\"PATH_PATTERN\"}}"
[debug] [2026-06-28T15:58:50.344Z] Jun 29, 2026 12:58:50 AM io.gapi.emulators.netty.HttpVersionRoutingHandler channelRead
INFO: Detected non-HTTP/2 connection.
 {"metadata":{"emulator":{"name":"firestore"},"message":"Jun 29, 2026 12:58:50 AM io.gapi.emulators.netty.HttpVersionRoutingHandler channelRead\nINFO: Detected non-HTTP/2 connection.\n"}}
[debug] [2026-06-28T15:58:50.452Z] Jun 29, 2026 12:58:50 AM io.grpc.netty.TcpMetrics loadEpollInfo
INFO: Epoll available during static init of TcpMetrics:false
 {"metadata":{"emulator":{"name":"firestore"},"message":"Jun 29, 2026 12:58:50 AM io.grpc.netty.TcpMetrics loadEpollInfo\nINFO: Epoll available during static init of TcpMetrics:false\n"}}
[debug] [2026-06-28T15:58:50.460Z] Jun 29, 2026 12:58:50 AM io.gapi.emulators.netty.HttpVersionRoutingHandler channelRead
INFO: Detected HTTP/2 connection.
 {"metadata":{"emulator":{"name":"firestore"},"message":"Jun 29, 2026 12:58:50 AM io.gapi.emulators.netty.HttpVersionRoutingHandler channelRead\nINFO: Detected HTTP/2 connection.\n"}}
[debug] [2026-06-28T15:58:50.877Z] <<< [apiv2][status] POST http://127.0.0.1:8080/emulator/v1/projects/test-fmating-app-11/eventarcTrigger?eventarcTriggerId=asia-northeast1-onLikeCreate-0 200
[debug] [2026-06-28T15:58:50.877Z] <<< [apiv2][body] POST http://127.0.0.1:8080/emulator/v1/projects/test-fmating-app-11/eventarcTrigger?eventarcTriggerId=asia-northeast1-onLikeCreate-0 {"eventType":"google.cloud.firestore.document.v1.created","database":"(default)","namespace":"(default)","document":{"value":"likes/{likedId}","matchType":"PATH_PATTERN"}}
[info] ✔  functions[asia-northeast1-onLikeCreate]: firestore function initialized. {"metadata":{"emulator":{"name":"functions"},"message":"\u001b[1mfirestore\u001b[22m function initialized."}}
[debug] [2026-06-28T15:58:50.888Z] Could not find VSCode notification endpoint: FetchError: request to http://localhost:40001/vscode/notify failed, reason: . If you are not running the Firebase SQL Connect VSCode extension, this is expected and not an issue.
[info] 
┌─────────────────────────────────────────────────────────────┐
│ ✔  All emulators ready! It is now safe to connect your app. │
│ i  View Emulator UI at http://127.0.0.1:4000/               │
└─────────────────────────────────────────────────────────────┘

┌────────────┬────────────────┬──────────────────────────────────┐
│ Emulator   │ Host:Port      │ View in Emulator UI              │
├────────────┼────────────────┼──────────────────────────────────┤
│ Functions  │ 127.0.0.1:5001 │ http://127.0.0.1:4000/functions  │
├────────────┼────────────────┼──────────────────────────────────┤
│ Firestore  │ 127.0.0.1:8080 │ http://127.0.0.1:4000/firestore  │
├────────────┼────────────────┼──────────────────────────────────┤
│ Extensions │ 127.0.0.1:5001 │ http://127.0.0.1:4000/extensions │
└────────────┴────────────────┴──────────────────────────────────┘
  Emulator Hub host: 127.0.0.1 port: 4400
  Other reserved ports: 4500, 9150
┌─────────────────────────┬───────────────┬─────────────────────┐
│ Extension Instance Name │ Extension Ref │ View in Emulator UI │
└─────────────────────────┴───────────────┴─────────────────────┘
Issues? Report them at https://github.com/firebase/firebase-tools/issues and attach the *-debug.log files.
 
[debug] [2026-06-28T15:58:53.337Z] Jun 29, 2026 12:58:53 AM io.gapi.emulators.netty.HttpVersionRoutingHandler channelRead
INFO: Detected non-HTTP/2 connection.
 {"metadata":{"emulator":{"name":"firestore"},"message":"Jun 29, 2026 12:58:53 AM io.gapi.emulators.netty.HttpVersionRoutingHandler channelRead\nINFO: Detected non-HTTP/2 connection.\n"}}
[debug] [2026-06-28T15:58:53.341Z] Jun 29, 2026 12:58:53 AM io.gapi.emulators.netty.NotFoundHandler handleRequest
INFO: Unknown request URI: /bad-request
 {"metadata":{"emulator":{"name":"firestore"},"message":"Jun 29, 2026 12:58:53 AM io.gapi.emulators.netty.NotFoundHandler handleRequest\nINFO: Unknown request URI: /bad-request\n"}}
[debug] [2026-06-28T16:06:32.043Z] Jun 29, 2026 1:06:32 AM io.gapi.emulators.netty.HttpVersionRoutingHandler channelRead
INFO: Detected non-HTTP/2 connection.
 {"metadata":{"emulator":{"name":"firestore"},"message":"Jun 29, 2026 1:06:32 AM io.gapi.emulators.netty.HttpVersionRoutingHandler channelRead\nINFO: Detected non-HTTP/2 connection.\n"}}
[debug] [2026-06-28T16:06:32.052Z] Jun 29, 2026 1:06:32 AM io.gapi.emulators.netty.NotFoundHandler handleRequest
INFO: Unknown request URI: /bad-request
 {"metadata":{"emulator":{"name":"firestore"},"message":"Jun 29, 2026 1:06:32 AM io.gapi.emulators.netty.NotFoundHandler handleRequest\nINFO: Unknown request URI: /bad-request\n"}}
[debug] [2026-06-28T16:06:33.028Z] Jun 29, 2026 1:06:33 AM io.gapi.emulators.netty.HttpVersionRoutingHandler channelRead
INFO: Detected non-HTTP/2 connection.
 {"metadata":{"emulator":{"name":"firestore"},"message":"Jun 29, 2026 1:06:33 AM io.gapi.emulators.netty.HttpVersionRoutingHandler channelRead\nINFO: Detected non-HTTP/2 connection.\n"}}
[debug] [2026-06-28T16:06:33.029Z] Jun 29, 2026 1:06:33 AM io.gapi.emulators.netty.NotFoundHandler handleRequest
INFO: Unknown request URI: /bad-request
 {"metadata":{"emulator":{"name":"firestore"},"message":"Jun 29, 2026 1:06:33 AM io.gapi.emulators.netty.NotFoundHandler handleRequest\nINFO: Unknown request URI: /bad-request\n"}}
[debug] [2026-06-28T16:06:34.632Z] Jun 29, 2026 1:06:34 AM io.gapi.emulators.netty.HttpVersionRoutingHandler channelRead
INFO: Detected non-HTTP/2 connection.
 {"metadata":{"emulator":{"name":"firestore"},"message":"Jun 29, 2026 1:06:34 AM io.gapi.emulators.netty.HttpVersionRoutingHandler channelRead\nINFO: Detected non-HTTP/2 connection.\n"}}
[debug] [2026-06-28T16:06:34.635Z] Jun 29, 2026 1:06:34 AM io.gapi.emulators.netty.NotFoundHandler handleRequest
INFO: Unknown request URI: /bad-request
 {"metadata":{"emulator":{"name":"firestore"},"message":"Jun 29, 2026 1:06:34 AM io.gapi.emulators.netty.NotFoundHandler handleRequest\nINFO: Unknown request URI: /bad-request\n"}}
[debug] [2026-06-28T16:06:36.819Z] Jun 29, 2026 1:06:36 AM io.gapi.emulators.netty.HttpVersionRoutingHandler channelRead
INFO: Detected non-HTTP/2 connection.
 {"metadata":{"emulator":{"name":"firestore"},"message":"Jun 29, 2026 1:06:36 AM io.gapi.emulators.netty.HttpVersionRoutingHandler channelRead\nINFO: Detected non-HTTP/2 connection.\n"}}
[debug] [2026-06-28T16:06:36.822Z] Jun 29, 2026 1:06:36 AM io.gapi.emulators.netty.NotFoundHandler handleRequest
INFO: Unknown request URI: /bad-request
 {"metadata":{"emulator":{"name":"firestore"},"message":"Jun 29, 2026 1:06:36 AM io.gapi.emulators.netty.NotFoundHandler handleRequest\nINFO: Unknown request URI: /bad-request\n"}}
[debug] [2026-06-28T16:06:40.478Z] Jun 29, 2026 1:06:40 AM io.gapi.emulators.netty.HttpVersionRoutingHandler channelRead
INFO: Detected non-HTTP/2 connection.
 {"metadata":{"emulator":{"name":"firestore"},"message":"Jun 29, 2026 1:06:40 AM io.gapi.emulators.netty.HttpVersionRoutingHandler channelRead\nINFO: Detected non-HTTP/2 connection.\n"}}
[debug] [2026-06-28T16:06:40.480Z] Jun 29, 2026 1:06:40 AM io.gapi.emulators.netty.NotFoundHandler handleRequest
INFO: Unknown request URI: /bad-request
 {"metadata":{"emulator":{"name":"firestore"},"message":"Jun 29, 2026 1:06:40 AM io.gapi.emulators.netty.NotFoundHandler handleRequest\nINFO: Unknown request URI: /bad-request\n"}}
[debug] [2026-06-28T16:06:46.563Z] Jun 29, 2026 1:06:46 AM io.gapi.emulators.netty.HttpVersionRoutingHandler channelRead
INFO: Detected non-HTTP/2 connection.
 {"metadata":{"emulator":{"name":"firestore"},"message":"Jun 29, 2026 1:06:46 AM io.gapi.emulators.netty.HttpVersionRoutingHandler channelRead\nINFO: Detected non-HTTP/2 connection.\n"}}
[debug] [2026-06-28T16:06:46.565Z] Jun 29, 2026 1:06:46 AM io.gapi.emulators.netty.NotFoundHandler handleRequest
INFO: Unknown request URI: /bad-request
 {"metadata":{"emulator":{"name":"firestore"},"message":"Jun 29, 2026 1:06:46 AM io.gapi.emulators.netty.NotFoundHandler handleRequest\nINFO: Unknown request URI: /bad-request\n"}}
[debug] [2026-06-28T16:06:58.358Z] Jun 29, 2026 1:06:58 AM io.gapi.emulators.netty.HttpVersionRoutingHandler channelRead
INFO: Detected non-HTTP/2 connection.
 {"metadata":{"emulator":{"name":"firestore"},"message":"Jun 29, 2026 1:06:58 AM io.gapi.emulators.netty.HttpVersionRoutingHandler channelRead\nINFO: Detected non-HTTP/2 connection.\n"}}
[debug] [2026-06-28T16:06:58.363Z] Jun 29, 2026 1:06:58 AM io.gapi.emulators.netty.NotFoundHandler handleRequest
INFO: Unknown request URI: /bad-request
 {"metadata":{"emulator":{"name":"firestore"},"message":"Jun 29, 2026 1:06:58 AM io.gapi.emulators.netty.NotFoundHandler handleRequest\nINFO: Unknown request URI: /bad-request\n"}}
[debug] [2026-06-28T16:07:13.529Z] Jun 29, 2026 1:07:13 AM io.gapi.emulators.netty.HttpVersionRoutingHandler channelRead
INFO: Detected non-HTTP/2 connection.
 {"metadata":{"emulator":{"name":"firestore"},"message":"Jun 29, 2026 1:07:13 AM io.gapi.emulators.netty.HttpVersionRoutingHandler channelRead\nINFO: Detected non-HTTP/2 connection.\n"}}
[debug] [2026-06-28T16:07:13.531Z] Jun 29, 2026 1:07:13 AM io.gapi.emulators.netty.NotFoundHandler handleRequest
INFO: Unknown request URI: /bad-request
 {"metadata":{"emulator":{"name":"firestore"},"message":"Jun 29, 2026 1:07:13 AM io.gapi.emulators.netty.NotFoundHandler handleRequest\nINFO: Unknown request URI: /bad-request\n"}}
[debug] [2026-06-28T16:07:38.788Z] Jun 29, 2026 1:07:38 AM io.gapi.emulators.netty.HttpVersionRoutingHandler channelRead
INFO: Detected non-HTTP/2 connection.
 {"metadata":{"emulator":{"name":"firestore"},"message":"Jun 29, 2026 1:07:38 AM io.gapi.emulators.netty.HttpVersionRoutingHandler channelRead\nINFO: Detected non-HTTP/2 connection.\n"}}
[debug] [2026-06-28T16:07:38.789Z] Jun 29, 2026 1:07:38 AM io.gapi.emulators.netty.NotFoundHandler handleRequest
INFO: Unknown request URI: /bad-request
 {"metadata":{"emulator":{"name":"firestore"},"message":"Jun 29, 2026 1:07:38 AM io.gapi.emulators.netty.NotFoundHandler handleRequest\nINFO: Unknown request URI: /bad-request\n"}}
[debug] [2026-06-28T16:08:13.295Z] Jun 29, 2026 1:08:13 AM io.gapi.emulators.netty.HttpVersionRoutingHandler channelRead
INFO: Detected non-HTTP/2 connection.
 {"metadata":{"emulator":{"name":"firestore"},"message":"Jun 29, 2026 1:08:13 AM io.gapi.emulators.netty.HttpVersionRoutingHandler channelRead\nINFO: Detected non-HTTP/2 connection.\n"}}
[debug] [2026-06-28T16:08:13.297Z] Jun 29, 2026 1:08:13 AM io.gapi.emulators.netty.NotFoundHandler handleRequest
INFO: Unknown request URI: /bad-request
 {"metadata":{"emulator":{"name":"firestore"},"message":"Jun 29, 2026 1:08:13 AM io.gapi.emulators.netty.NotFoundHandler handleRequest\nINFO: Unknown request URI: /bad-request\n"}}
[debug] [2026-06-28T16:09:15.985Z] Jun 29, 2026 1:09:15 AM io.gapi.emulators.netty.HttpVersionRoutingHandler channelRead
INFO: Detected non-HTTP/2 connection.
 {"metadata":{"emulator":{"name":"firestore"},"message":"Jun 29, 2026 1:09:15 AM io.gapi.emulators.netty.HttpVersionRoutingHandler channelRead\nINFO: Detected non-HTTP/2 connection.\n"}}
[debug] [2026-06-28T16:09:15.988Z] Jun 29, 2026 1:09:15 AM io.gapi.emulators.netty.NotFoundHandler handleRequest
INFO: Unknown request URI: /bad-request
 {"metadata":{"emulator":{"name":"firestore"},"message":"Jun 29, 2026 1:09:15 AM io.gapi.emulators.netty.NotFoundHandler handleRequest\nINFO: Unknown request URI: /bad-request\n"}}
[debug] [2026-06-28T16:10:51.813Z] Jun 29, 2026 1:10:51 AM io.gapi.emulators.netty.HttpVersionRoutingHandler channelRead
INFO: Detected HTTP/2 connection.
 {"metadata":{"emulator":{"name":"firestore"},"message":"Jun 29, 2026 1:10:51 AM io.gapi.emulators.netty.HttpVersionRoutingHandler channelRead\nINFO: Detected HTTP/2 connection.\n"}}
[debug] [2026-06-28T16:10:51.854Z] Jun 29, 2026 1:10:51 AM com.google.cloud.datastore.emulator.impl.context.EmulatorAuthorization warnAboutSecuredJwt
WARNING: expected an unsecured JWT, the emulator does not validate JWTs and IS NOT SECURE
 {"metadata":{"emulator":{"name":"firestore"},"message":"Jun 29, 2026 1:10:51 AM com.google.cloud.datastore.emulator.impl.context.EmulatorAuthorization warnAboutSecuredJwt\nWARNING: expected an unsecured JWT, the emulator does not validate JWTs and IS NOT SECURE\n"}}
[debug] [2026-06-28T16:10:58.718Z] Jun 29, 2026 1:10:58 AM com.google.cloud.datastore.emulator.impl.context.EmulatorAuthorization warnAboutSecuredJwt
WARNING: expected an unsecured JWT, the emulator does not validate JWTs and IS NOT SECURE
 {"metadata":{"emulator":{"name":"firestore"},"message":"Jun 29, 2026 1:10:58 AM com.google.cloud.datastore.emulator.impl.context.EmulatorAuthorization warnAboutSecuredJwt\nWARNING: expected an unsecured JWT, the emulator does not validate JWTs and IS NOT SECURE\n"}}
[debug] [2026-06-28T16:11:11.545Z] Jun 29, 2026 1:11:11 AM com.google.cloud.datastore.emulator.firestore.websocket.WebSocketChannelHandler channelClosed
INFO: Websocket client disconnected
 {"metadata":{"emulator":{"name":"firestore"},"message":"Jun 29, 2026 1:11:11 AM com.google.cloud.datastore.emulator.firestore.websocket.WebSocketChannelHandler channelClosed\nINFO: Websocket client disconnected\n"}}
[debug] [2026-06-28T16:11:11.548Z] Jun 29, 2026 1:11:11 AM com.google.cloud.datastore.emulator.firestore.websocket.WebSocketChannelHandler initChannel
INFO: Connected to new websocket client
 {"metadata":{"emulator":{"name":"firestore"},"message":"Jun 29, 2026 1:11:11 AM com.google.cloud.datastore.emulator.firestore.websocket.WebSocketChannelHandler initChannel\nINFO: Connected to new websocket client\n"}}
[debug] [2026-06-28T16:11:12.906Z] Jun 29, 2026 1:11:12 AM com.google.cloud.datastore.emulator.firestore.websocket.WebSocketChannelHandler channelClosed
INFO: Websocket client disconnected
 {"metadata":{"emulator":{"name":"firestore"},"message":"Jun 29, 2026 1:11:12 AM com.google.cloud.datastore.emulator.firestore.websocket.WebSocketChannelHandler channelClosed\nINFO: Websocket client disconnected\n"}}
[debug] [2026-06-28T16:11:13.088Z] Jun 29, 2026 1:11:13 AM com.google.cloud.datastore.emulator.firestore.websocket.WebSocketChannelHandler initChannel
INFO: Connected to new websocket client
 {"metadata":{"emulator":{"name":"firestore"},"message":"Jun 29, 2026 1:11:13 AM com.google.cloud.datastore.emulator.firestore.websocket.WebSocketChannelHandler initChannel\nINFO: Connected to new websocket client\n"}}
[debug] [2026-06-28T16:11:20.546Z] Jun 29, 2026 1:11:20 AM io.gapi.emulators.netty.HttpVersionRoutingHandler channelRead
INFO: Detected non-HTTP/2 connection.
 {"metadata":{"emulator":{"name":"firestore"},"message":"Jun 29, 2026 1:11:20 AM io.gapi.emulators.netty.HttpVersionRoutingHandler channelRead\nINFO: Detected non-HTTP/2 connection.\n"}}
[debug] [2026-06-28T16:11:20.589Z] Jun 29, 2026 1:11:20 AM io.gapi.emulators.netty.HttpVersionRoutingHandler channelRead
INFO: Detected non-HTTP/2 connection.
 {"metadata":{"emulator":{"name":"firestore"},"message":"Jun 29, 2026 1:11:20 AM io.gapi.emulators.netty.HttpVersionRoutingHandler channelRead\nINFO: Detected non-HTTP/2 connection.\n"}}
[debug] [2026-06-28T16:11:20.657Z] Jun 29, 2026 1:11:20 AM io.gapi.emulators.netty.HttpVersionRoutingHandler channelRead
INFO: Detected non-HTTP/2 connection.
 {"metadata":{"emulator":{"name":"firestore"},"message":"Jun 29, 2026 1:11:20 AM io.gapi.emulators.netty.HttpVersionRoutingHandler channelRead\nINFO: Detected non-HTTP/2 connection.\n"}}
[debug] [2026-06-28T16:11:20.701Z] Jun 29, 2026 1:11:20 AM io.gapi.emulators.netty.HttpVersionRoutingHandler channelRead
INFO: Detected non-HTTP/2 connection.
 {"metadata":{"emulator":{"name":"firestore"},"message":"Jun 29, 2026 1:11:20 AM io.gapi.emulators.netty.HttpVersionRoutingHandler channelRead\nINFO: Detected non-HTTP/2 connection.\n"}}
[debug] [2026-06-28T16:11:39.298Z] Jun 29, 2026 1:11:39 AM com.google.cloud.datastore.emulator.impl.context.EmulatorAuthorization warnAboutSecuredJwt
WARNING: expected an unsecured JWT, the emulator does not validate JWTs and IS NOT SECURE
 {"metadata":{"emulator":{"name":"firestore"},"message":"Jun 29, 2026 1:11:39 AM com.google.cloud.datastore.emulator.impl.context.EmulatorAuthorization warnAboutSecuredJwt\nWARNING: expected an unsecured JWT, the emulator does not validate JWTs and IS NOT SECURE\n"}}
[debug] [2026-06-28T16:11:43.871Z] Jun 29, 2026 1:11:43 AM com.google.cloud.datastore.emulator.impl.context.EmulatorAuthorization warnAboutSecuredJwt
WARNING: expected an unsecured JWT, the emulator does not validate JWTs and IS NOT SECURE
 {"metadata":{"emulator":{"name":"firestore"},"message":"Jun 29, 2026 1:11:43 AM com.google.cloud.datastore.emulator.impl.context.EmulatorAuthorization warnAboutSecuredJwt\nWARNING: expected an unsecured JWT, the emulator does not validate JWTs and IS NOT SECURE\n"}}
[debug] [2026-06-28T16:11:46.953Z] [work-queue] {"queuedWork":["/functions/projects/test-fmating-app-11/triggers/asia-northeast1-onLikeCreate-0-2026-06-28T16:11:46.953Z"],"queueLength":1,"runningWork":[],"workRunningCount":0}
[debug] [2026-06-28T16:11:46.954Z] [work-queue] {"queuedWork":[],"queueLength":0,"runningWork":["/functions/projects/test-fmating-app-11/triggers/asia-northeast1-onLikeCreate-0-2026-06-28T16:11:46.953Z"],"workRunningCount":1}
[debug] [2026-06-28T16:11:46.954Z] Accepted request POST /functions/projects/test-fmating-app-11/triggers/asia-northeast1-onLikeCreate-0 --> asia-northeast1-onLikeCreate-0
[debug] [2026-06-28T16:11:46.969Z] [functions] Runtime ready! Sending request! {"metadata":{"emulator":{"name":"functions"},"message":"[functions] Runtime ready! Sending request!"}}
[debug] [2026-06-28T16:11:46.970Z] [functions] Got req.url=/functions/projects/test-fmating-app-11/triggers/asia-northeast1-onLikeCreate-0, mapping to path=/functions/projects/ {"metadata":{"emulator":{"name":"functions"},"message":"[functions] Got req.url=/functions/projects/test-fmating-app-11/triggers/asia-northeast1-onLikeCreate-0, mapping to path=/functions/projects/"}}
[debug] [2026-06-28T16:11:46.980Z] [worker-pool] addWorker(asia-northeast1-onLikeCreate) {"metadata":{"emulator":{"name":"functions"},"message":"[worker-pool] addWorker(asia-northeast1-onLikeCreate)"}}
[debug] [2026-06-28T16:11:46.980Z] [worker-pool] Adding worker with key asia-northeast1-onLikeCreate, total=1 {"metadata":{"emulator":{"name":"functions"},"message":"[worker-pool] Adding worker with key asia-northeast1-onLikeCreate, total=1"}}
[debug] [2026-06-28T16:11:47.739Z] [runtime-status] [11623] Resolved module firebase-admin {"declared":true,"installed":true,"version":"13.10.0","resolution":"/Users/0v0/apps/hobbymatch/functions/node_modules/firebase-admin/lib/index.js"} {"metadata":{"emulator":{"name":"functions"},"function":{"name":"asia-northeast1-onLikeCreate"},"extension":{},"message":"[runtime-status] [11623] Resolved module firebase-admin {\"declared\":true,\"installed\":true,\"version\":\"13.10.0\",\"resolution\":\"/Users/0v0/apps/hobbymatch/functions/node_modules/firebase-admin/lib/index.js\"}"}}
[debug] [2026-06-28T16:11:47.740Z] [runtime-status] [11623] Resolved module firebase-functions {"declared":true,"installed":true,"version":"7.2.5","resolution":"/Users/0v0/apps/hobbymatch/functions/node_modules/firebase-functions/lib/v2/index.js"} {"metadata":{"emulator":{"name":"functions"},"function":{"name":"asia-northeast1-onLikeCreate"},"extension":{},"message":"[runtime-status] [11623] Resolved module firebase-functions {\"declared\":true,\"installed\":true,\"version\":\"7.2.5\",\"resolution\":\"/Users/0v0/apps/hobbymatch/functions/node_modules/firebase-functions/lib/v2/index.js\"}"}}
[debug] [2026-06-28T16:11:47.740Z] [runtime-status] [11623] Outgoing network have been stubbed. [{"name":"http","status":"mocked"},{"name":"http","status":"mocked"},{"name":"https","status":"mocked"},{"name":"https","status":"mocked"},{"name":"net","status":"mocked"}] {"metadata":{"emulator":{"name":"functions"},"function":{"name":"asia-northeast1-onLikeCreate"},"extension":{},"message":"[runtime-status] [11623] Outgoing network have been stubbed. [{\"name\":\"http\",\"status\":\"mocked\"},{\"name\":\"http\",\"status\":\"mocked\"},{\"name\":\"https\",\"status\":\"mocked\"},{\"name\":\"https\",\"status\":\"mocked\"},{\"name\":\"net\",\"status\":\"mocked\"}]"}}
[debug] [2026-06-28T16:11:47.741Z] [runtime-status] [11623] Resolved module firebase-functions {"declared":true,"installed":true,"version":"7.2.5","resolution":"/Users/0v0/apps/hobbymatch/functions/node_modules/firebase-functions/lib/v2/index.js"} {"metadata":{"emulator":{"name":"functions"},"function":{"name":"asia-northeast1-onLikeCreate"},"extension":{},"message":"[runtime-status] [11623] Resolved module firebase-functions {\"declared\":true,\"installed\":true,\"version\":\"7.2.5\",\"resolution\":\"/Users/0v0/apps/hobbymatch/functions/node_modules/firebase-functions/lib/v2/index.js\"}"}}
[debug] [2026-06-28T16:11:47.741Z] [runtime-status] [11623] Detected firebase-functions v7+, skipping legacy stubs. {"metadata":{"emulator":{"name":"functions"},"function":{"name":"asia-northeast1-onLikeCreate"},"extension":{},"message":"[runtime-status] [11623] Detected firebase-functions v7+, skipping legacy stubs."}}
[debug] [2026-06-28T16:11:47.741Z] [runtime-status] [11623] Resolved module firebase-admin {"declared":true,"installed":true,"version":"13.10.0","resolution":"/Users/0v0/apps/hobbymatch/functions/node_modules/firebase-admin/lib/index.js"} {"metadata":{"emulator":{"name":"functions"},"function":{"name":"asia-northeast1-onLikeCreate"},"extension":{},"message":"[runtime-status] [11623] Resolved module firebase-admin {\"declared\":true,\"installed\":true,\"version\":\"13.10.0\",\"resolution\":\"/Users/0v0/apps/hobbymatch/functions/node_modules/firebase-admin/lib/index.js\"}"}}
[debug] [2026-06-28T16:11:47.789Z] [runtime-status] [11623] Resolved module firebase-functions {"declared":true,"installed":true,"version":"7.2.5","resolution":"/Users/0v0/apps/hobbymatch/functions/node_modules/firebase-functions/lib/v2/index.js"} {"metadata":{"emulator":{"name":"functions"},"function":{"name":"asia-northeast1-onLikeCreate"},"extension":{},"message":"[runtime-status] [11623] Resolved module firebase-functions {\"declared\":true,\"installed\":true,\"version\":\"7.2.5\",\"resolution\":\"/Users/0v0/apps/hobbymatch/functions/node_modules/firebase-functions/lib/v2/index.js\"}"}}
[debug] [2026-06-28T16:11:47.989Z] [runtime-status] [11623] firebase-admin has been stubbed. {"adminResolution":{"declared":true,"installed":true,"version":"13.10.0","resolution":"/Users/0v0/apps/hobbymatch/functions/node_modules/firebase-admin/lib/index.js"}} {"metadata":{"emulator":{"name":"functions"},"function":{"name":"asia-northeast1-onLikeCreate"},"extension":{},"message":"[runtime-status] [11623] firebase-admin has been stubbed. {\"adminResolution\":{\"declared\":true,\"installed\":true,\"version\":\"13.10.0\",\"resolution\":\"/Users/0v0/apps/hobbymatch/functions/node_modules/firebase-admin/lib/index.js\"}}"}}
[debug] [2026-06-28T16:11:47.993Z] [runtime-status] [11623] Functions runtime initialized. {"cwd":"/Users/0v0/apps/hobbymatch/functions","node_version":"20.17.0"} {"metadata":{"emulator":{"name":"functions"},"function":{"name":"asia-northeast1-onLikeCreate"},"extension":{},"message":"[runtime-status] [11623] Functions runtime initialized. {\"cwd\":\"/Users/0v0/apps/hobbymatch/functions\",\"node_version\":\"20.17.0\"}"}}
[debug] [2026-06-28T16:11:47.994Z] [runtime-status] [11623] Listening to port: /var/folders/sv/3ptns1gn5n5fb16cw78wtwph0000gn/T/fire_emu_22bbf84b314e2d03.sock {"metadata":{"emulator":{"name":"functions"},"function":{"name":"asia-northeast1-onLikeCreate"},"extension":{},"message":"[runtime-status] [11623] Listening to port: /var/folders/sv/3ptns1gn5n5fb16cw78wtwph0000gn/T/fire_emu_22bbf84b314e2d03.sock"}}
[debug] [2026-06-28T16:11:48.096Z] [worker-asia-northeast1-onLikeCreate-149a1dc3-1887-42ad-adf6-2d7e924cc0ac]: IDLE {"metadata":{"emulator":{"name":"functions"},"function":{"name":"asia-northeast1-onLikeCreate"},"extension":{},"message":"[worker-asia-northeast1-onLikeCreate-149a1dc3-1887-42ad-adf6-2d7e924cc0ac]: IDLE"}}
[debug] [2026-06-28T16:11:48.096Z] [worker-pool] submitRequest(triggerId=asia-northeast1-onLikeCreate) {"metadata":{"emulator":{"name":"functions"},"message":"[worker-pool] submitRequest(triggerId=asia-northeast1-onLikeCreate)"}}
[info] i  functions: Beginning execution of "asia-northeast1-onLikeCreate" {"metadata":{"emulator":{"name":"functions"},"function":{"name":"asia-northeast1-onLikeCreate"},"extension":{},"message":"Beginning execution of \"asia-northeast1-onLikeCreate\""}}
[debug] [2026-06-28T16:11:48.097Z] [worker-asia-northeast1-onLikeCreate-149a1dc3-1887-42ad-adf6-2d7e924cc0ac]: BUSY {"metadata":{"emulator":{"name":"functions"},"function":{"name":"asia-northeast1-onLikeCreate"},"extension":{},"message":"[worker-asia-northeast1-onLikeCreate-149a1dc3-1887-42ad-adf6-2d7e924cc0ac]: BUSY"}}
[debug] [2026-06-28T16:11:48.099Z] [runtime-status] [11623] RunCloudEvent {"specversion":"1.0","type":"google.cloud.firestore.document.v1.created","source":"//firestore.googleapis.com/projects/projects/test-fmating-app-11/databases/(default)","id":"12a1ac91-53e2-4774-9254-836fa061f343","subject":"documents/likes/oen09FNJ46e5hzUbK0VMe4qvKCk1_Yt15ptgJgQaq1bY3mWa1URHUWc32","time":"2026-06-28T16:11:46Z","datacontenttype":"application/protobuf","dataschema":"https://github.com/googleapis/google-cloudevents/blob/main/proto/google/events/cloud/firestore/v1/data.proto","location":"us-central1","project":"test-fmating-app-11","database":"(default)","namespace":"(default)","document":"likes/oen09FNJ46e5hzUbK0VMe4qvKCk1_Yt15ptgJgQaq1bY3mWa1URHUWc32","data":{"type":"Buffer","data":[10,145,2,10,122,112,114,111,106,101,99,116,115,47,116,101,115,116,45,102,109,97,116,105,110,103,45,97,112,112,45,49,49,47,100,97,116,97,98,97,115,101,115,47,40,100,101,102,97,117,108,116,41,47,100,111,99,117,109,101,110,116,115,47,108,105,107,101,115,47,111,101,110,48,57,70,78,74,52,54,101,53,104,122,85,98,75,48,86,77,101,52,113,118,75,67,107,49,95,89,116,49,53,112,116,103,74,103,81,97,113,49,98,89,51,109,87,97,49,85,82,72,85,87,99,51,50,18,45,10,10,102,114,111,109,85,115,101,114,73,100,18,31,138,1,28,111,101,110,48,57,70,78,74,52,54,101,53,104,122,85,98,75,48,86,77,101,52,113,118,75,67,107,49,18,43,10,8,116,111,85,115,101,114,73,100,18,31,138,1,28,89,116,49,53,112,116,103,74,103,81,97,113,49,98,89,51,109,87,97,49,85,82,72,85,87,99,51,50,18,27,10,9,99,114,101,97,116,101,100,65,116,18,14,82,12,8,194,143,133,210,6,16,192,169,238,168,3,26,12,8,194,143,133,210,6,16,136,141,159,181,3,34,12,8,194,143,133,210,6,16,136,141,159,181,3,26,0]}} {"metadata":{"emulator":{"name":"functions"},"function":{"name":"asia-northeast1-onLikeCreate"},"extension":{},"message":"[runtime-status] [11623] RunCloudEvent {\"specversion\":\"1.0\",\"type\":\"google.cloud.firestore.document.v1.created\",\"source\":\"//firestore.googleapis.com/projects/projects/test-fmating-app-11/databases/(default)\",\"id\":\"12a1ac91-53e2-4774-9254-836fa061f343\",\"subject\":\"documents/likes/oen09FNJ46e5hzUbK0VMe4qvKCk1_Yt15ptgJgQaq1bY3mWa1URHUWc32\",\"time\":\"2026-06-28T16:11:46Z\",\"datacontenttype\":\"application/protobuf\",\"dataschema\":\"https://github.com/googleapis/google-cloudevents/blob/main/proto/google/events/cloud/firestore/v1/data.proto\",\"location\":\"us-central1\",\"project\":\"test-fmating-app-11\",\"database\":\"(default)\",\"namespace\":\"(default)\",\"document\":\"likes/oen09FNJ46e5hzUbK0VMe4qvKCk1_Yt15ptgJgQaq1bY3mWa1URHUWc32\",\"data\":{\"type\":\"Buffer\",\"data\":[10,145,2,10,122,112,114,111,106,101,99,116,115,47,116,101,115,116,45,102,109,97,116,105,110,103,45,97,112,112,45,49,49,47,100,97,116,97,98,97,115,101,115,47,40,100,101,102,97,117,108,116,41,47,100,111,99,117,109,101,110,116,115,47,108,105,107,101,115,47,111,101,110,48,57,70,78,74,52,54,101,53,104,122,85,98,75,48,86,77,101,52,113,118,75,67,107,49,95,89,116,49,53,112,116,103,74,103,81,97,113,49,98,89,51,109,87,97,49,85,82,72,85,87,99,51,50,18,45,10,10,102,114,111,109,85,115,101,114,73,100,18,31,138,1,28,111,101,110,48,57,70,78,74,52,54,101,53,104,122,85,98,75,48,86,77,101,52,113,118,75,67,107,49,18,43,10,8,116,111,85,115,101,114,73,100,18,31,138,1,28,89,116,49,53,112,116,103,74,103,81,97,113,49,98,89,51,109,87,97,49,85,82,72,85,87,99,51,50,18,27,10,9,99,114,101,97,116,101,100,65,116,18,14,82,12,8,194,143,133,210,6,16,192,169,238,168,3,26,12,8,194,143,133,210,6,16,136,141,159,181,3,34,12,8,194,143,133,210,6,16,136,141,159,181,3,26,0]}}"}}
[debug] [2026-06-28T16:11:48.333Z] Jun 29, 2026 1:11:48 AM io.gapi.emulators.netty.HttpVersionRoutingHandler channelRead
INFO: Detected HTTP/2 connection.
 {"metadata":{"emulator":{"name":"firestore"},"message":"Jun 29, 2026 1:11:48 AM io.gapi.emulators.netty.HttpVersionRoutingHandler channelRead\nINFO: Detected HTTP/2 connection.\n"}}
[debug] [2026-06-28T16:11:48.350Z] Finishing up request with event=pause {"metadata":{"emulator":{"name":"functions"},"function":{"name":"asia-northeast1-onLikeCreate"},"extension":{},"message":"Finishing up request with event=pause"}}
[info] i  functions: Finished "asia-northeast1-onLikeCreate" in 253.242292ms {"metadata":{"emulator":{"name":"functions"},"function":{"name":"asia-northeast1-onLikeCreate"},"extension":{},"message":"Finished \"asia-northeast1-onLikeCreate\" in 253.242292ms"}}
[debug] [2026-06-28T16:11:48.350Z] [worker-asia-northeast1-onLikeCreate-149a1dc3-1887-42ad-adf6-2d7e924cc0ac]: IDLE {"metadata":{"emulator":{"name":"functions"},"function":{"name":"asia-northeast1-onLikeCreate"},"extension":{},"message":"[worker-asia-northeast1-onLikeCreate-149a1dc3-1887-42ad-adf6-2d7e924cc0ac]: IDLE"}}
[debug] [2026-06-28T16:11:48.350Z] Finishing up request with event=finish {"metadata":{"emulator":{"name":"functions"},"function":{"name":"asia-northeast1-onLikeCreate"},"extension":{},"message":"Finishing up request with event=finish"}}
[debug] [2026-06-28T16:11:48.350Z] Finishing up request with event=close {"metadata":{"emulator":{"name":"functions"},"function":{"name":"asia-northeast1-onLikeCreate"},"extension":{},"message":"Finishing up request with event=close"}}
[debug] [2026-06-28T16:11:48.350Z] [work-queue] {"queuedWork":[],"queueLength":0,"runningWork":[],"workRunningCount":0}
[debug] [2026-06-28T16:11:58.187Z] Jun 29, 2026 1:11:58 AM com.google.cloud.datastore.emulator.impl.context.EmulatorAuthorization warnAboutSecuredJwt
WARNING: expected an unsecured JWT, the emulator does not validate JWTs and IS NOT SECURE
 {"metadata":{"emulator":{"name":"firestore"},"message":"Jun 29, 2026 1:11:58 AM com.google.cloud.datastore.emulator.impl.context.EmulatorAuthorization warnAboutSecuredJwt\nWARNING: expected an unsecured JWT, the emulator does not validate JWTs and IS NOT SECURE\n"}}
[debug] [2026-06-28T16:12:00.496Z] Jun 29, 2026 1:12:00 AM com.google.cloud.datastore.emulator.impl.context.EmulatorAuthorization warnAboutSecuredJwt
WARNING: expected an unsecured JWT, the emulator does not validate JWTs and IS NOT SECURE
 {"metadata":{"emulator":{"name":"firestore"},"message":"Jun 29, 2026 1:12:00 AM com.google.cloud.datastore.emulator.impl.context.EmulatorAuthorization warnAboutSecuredJwt\nWARNING: expected an unsecured JWT, the emulator does not validate JWTs and IS NOT SECURE\n"}}
[debug] [2026-06-28T16:12:00.518Z] [work-queue] {"queuedWork":["/functions/projects/test-fmating-app-11/triggers/asia-northeast1-onLikeCreate-0-2026-06-28T16:12:00.518Z"],"queueLength":1,"runningWork":[],"workRunningCount":0}
[debug] [2026-06-28T16:12:00.518Z] [work-queue] {"queuedWork":[],"queueLength":0,"runningWork":["/functions/projects/test-fmating-app-11/triggers/asia-northeast1-onLikeCreate-0-2026-06-28T16:12:00.518Z"],"workRunningCount":1}
[debug] [2026-06-28T16:12:00.518Z] Accepted request POST /functions/projects/test-fmating-app-11/triggers/asia-northeast1-onLikeCreate-0 --> asia-northeast1-onLikeCreate-0
[debug] [2026-06-28T16:12:00.520Z] [functions] Runtime ready! Sending request! {"metadata":{"emulator":{"name":"functions"},"message":"[functions] Runtime ready! Sending request!"}}
[debug] [2026-06-28T16:12:00.520Z] [functions] Got req.url=/functions/projects/test-fmating-app-11/triggers/asia-northeast1-onLikeCreate-0, mapping to path=/functions/projects/ {"metadata":{"emulator":{"name":"functions"},"message":"[functions] Got req.url=/functions/projects/test-fmating-app-11/triggers/asia-northeast1-onLikeCreate-0, mapping to path=/functions/projects/"}}
[debug] [2026-06-28T16:12:00.520Z] [worker-pool] submitRequest(triggerId=asia-northeast1-onLikeCreate) {"metadata":{"emulator":{"name":"functions"},"message":"[worker-pool] submitRequest(triggerId=asia-northeast1-onLikeCreate)"}}
[info] i  functions: Beginning execution of "asia-northeast1-onLikeCreate" {"metadata":{"emulator":{"name":"functions"},"function":{"name":"asia-northeast1-onLikeCreate"},"extension":{},"message":"Beginning execution of \"asia-northeast1-onLikeCreate\""}}
[debug] [2026-06-28T16:12:00.521Z] [worker-asia-northeast1-onLikeCreate-149a1dc3-1887-42ad-adf6-2d7e924cc0ac]: BUSY {"metadata":{"emulator":{"name":"functions"},"function":{"name":"asia-northeast1-onLikeCreate"},"extension":{},"message":"[worker-asia-northeast1-onLikeCreate-149a1dc3-1887-42ad-adf6-2d7e924cc0ac]: BUSY"}}
[debug] [2026-06-28T16:12:00.524Z] [runtime-status] [11623] RunCloudEvent {"specversion":"1.0","type":"google.cloud.firestore.document.v1.created","source":"//firestore.googleapis.com/projects/projects/test-fmating-app-11/databases/(default)","id":"00cef922-055d-4a16-a770-136a5e19d377","subject":"documents/likes/Yt15ptgJgQaq1bY3mWa1URHUWc32_oen09FNJ46e5hzUbK0VMe4qvKCk1","time":"2026-06-28T16:12:00Z","datacontenttype":"application/protobuf","dataschema":"https://github.com/googleapis/google-cloudevents/blob/main/proto/google/events/cloud/firestore/v1/data.proto","location":"us-central1","project":"test-fmating-app-11","database":"(default)","namespace":"(default)","document":"likes/Yt15ptgJgQaq1bY3mWa1URHUWc32_oen09FNJ46e5hzUbK0VMe4qvKCk1","data":{"type":"Buffer","data":[10,145,2,10,122,112,114,111,106,101,99,116,115,47,116,101,115,116,45,102,109,97,116,105,110,103,45,97,112,112,45,49,49,47,100,97,116,97,98,97,115,101,115,47,40,100,101,102,97,117,108,116,41,47,100,111,99,117,109,101,110,116,115,47,108,105,107,101,115,47,89,116,49,53,112,116,103,74,103,81,97,113,49,98,89,51,109,87,97,49,85,82,72,85,87,99,51,50,95,111,101,110,48,57,70,78,74,52,54,101,53,104,122,85,98,75,48,86,77,101,52,113,118,75,67,107,49,18,45,10,10,102,114,111,109,85,115,101,114,73,100,18,31,138,1,28,89,116,49,53,112,116,103,74,103,81,97,113,49,98,89,51,109,87,97,49,85,82,72,85,87,99,51,50,18,43,10,8,116,111,85,115,101,114,73,100,18,31,138,1,28,111,101,110,48,57,70,78,74,52,54,101,53,104,122,85,98,75,48,86,77,101,52,113,118,75,67,107,49,18,27,10,9,99,114,101,97,116,101,100,65,116,18,14,82,12,8,208,143,133,210,6,16,192,197,248,237,1,26,12,8,208,143,133,210,6,16,232,249,230,245,1,34,12,8,208,143,133,210,6,16,232,249,230,245,1,26,0]}} {"metadata":{"emulator":{"name":"functions"},"function":{"name":"asia-northeast1-onLikeCreate"},"extension":{},"message":"[runtime-status] [11623] RunCloudEvent {\"specversion\":\"1.0\",\"type\":\"google.cloud.firestore.document.v1.created\",\"source\":\"//firestore.googleapis.com/projects/projects/test-fmating-app-11/databases/(default)\",\"id\":\"00cef922-055d-4a16-a770-136a5e19d377\",\"subject\":\"documents/likes/Yt15ptgJgQaq1bY3mWa1URHUWc32_oen09FNJ46e5hzUbK0VMe4qvKCk1\",\"time\":\"2026-06-28T16:12:00Z\",\"datacontenttype\":\"application/protobuf\",\"dataschema\":\"https://github.com/googleapis/google-cloudevents/blob/main/proto/google/events/cloud/firestore/v1/data.proto\",\"location\":\"us-central1\",\"project\":\"test-fmating-app-11\",\"database\":\"(default)\",\"namespace\":\"(default)\",\"document\":\"likes/Yt15ptgJgQaq1bY3mWa1URHUWc32_oen09FNJ46e5hzUbK0VMe4qvKCk1\",\"data\":{\"type\":\"Buffer\",\"data\":[10,145,2,10,122,112,114,111,106,101,99,116,115,47,116,101,115,116,45,102,109,97,116,105,110,103,45,97,112,112,45,49,49,47,100,97,116,97,98,97,115,101,115,47,40,100,101,102,97,117,108,116,41,47,100,111,99,117,109,101,110,116,115,47,108,105,107,101,115,47,89,116,49,53,112,116,103,74,103,81,97,113,49,98,89,51,109,87,97,49,85,82,72,85,87,99,51,50,95,111,101,110,48,57,70,78,74,52,54,101,53,104,122,85,98,75,48,86,77,101,52,113,118,75,67,107,49,18,45,10,10,102,114,111,109,85,115,101,114,73,100,18,31,138,1,28,89,116,49,53,112,116,103,74,103,81,97,113,49,98,89,51,109,87,97,49,85,82,72,85,87,99,51,50,18,43,10,8,116,111,85,115,101,114,73,100,18,31,138,1,28,111,101,110,48,57,70,78,74,52,54,101,53,104,122,85,98,75,48,86,77,101,52,113,118,75,67,107,49,18,27,10,9,99,114,101,97,116,101,100,65,116,18,14,82,12,8,208,143,133,210,6,16,192,197,248,237,1,26,12,8,208,143,133,210,6,16,232,249,230,245,1,34,12,8,208,143,133,210,6,16,232,249,230,245,1,26,0]}}"}}
[debug] [2026-06-28T16:12:00.546Z] Finishing up request with event=pause {"metadata":{"emulator":{"name":"functions"},"function":{"name":"asia-northeast1-onLikeCreate"},"extension":{},"message":"Finishing up request with event=pause"}}
[info] i  functions: Finished "asia-northeast1-onLikeCreate" in 24.953375ms {"metadata":{"emulator":{"name":"functions"},"function":{"name":"asia-northeast1-onLikeCreate"},"extension":{},"message":"Finished \"asia-northeast1-onLikeCreate\" in 24.953375ms"}}
[debug] [2026-06-28T16:12:00.546Z] [worker-asia-northeast1-onLikeCreate-149a1dc3-1887-42ad-adf6-2d7e924cc0ac]: IDLE {"metadata":{"emulator":{"name":"functions"},"function":{"name":"asia-northeast1-onLikeCreate"},"extension":{},"message":"[worker-asia-northeast1-onLikeCreate-149a1dc3-1887-42ad-adf6-2d7e924cc0ac]: IDLE"}}
[debug] [2026-06-28T16:12:00.546Z] Finishing up request with event=finish {"metadata":{"emulator":{"name":"functions"},"function":{"name":"asia-northeast1-onLikeCreate"},"extension":{},"message":"Finishing up request with event=finish"}}
[debug] [2026-06-28T16:12:00.546Z] Finishing up request with event=close {"metadata":{"emulator":{"name":"functions"},"function":{"name":"asia-northeast1-onLikeCreate"},"extension":{},"message":"Finishing up request with event=close"}}
[debug] [2026-06-28T16:12:00.546Z] [work-queue] {"queuedWork":[],"queueLength":0,"runningWork":[],"workRunningCount":0}
[debug] [2026-06-28T16:12:03.361Z] Jun 29, 2026 1:12:03 AM io.gapi.emulators.netty.HttpVersionRoutingHandler channelRead
INFO: Detected non-HTTP/2 connection.
Jun 29, 2026 1:12:03 AM io.gapi.emulators.netty.HttpVersionRoutingHandler channelRead
INFO: Detected non-HTTP/2 connection.
 {"metadata":{"emulator":{"name":"firestore"},"message":"Jun 29, 2026 1:12:03 AM io.gapi.emulators.netty.HttpVersionRoutingHandler channelRead\nINFO: Detected non-HTTP/2 connection.\nJun 29, 2026 1:12:03 AM io.gapi.emulators.netty.HttpVersionRoutingHandler channelRead\nINFO: Detected non-HTTP/2 connection.\n"}}
[debug] [2026-06-28T16:12:03.374Z] Jun 29, 2026 1:12:03 AM com.google.cloud.datastore.emulator.firestore.websocket.WebSocketChannelHandler channelClosed
INFO: Websocket client disconnected
 {"metadata":{"emulator":{"name":"firestore"},"message":"Jun 29, 2026 1:12:03 AM com.google.cloud.datastore.emulator.firestore.websocket.WebSocketChannelHandler channelClosed\nINFO: Websocket client disconnected\n"}}
[debug] [2026-06-28T16:12:03.375Z] Jun 29, 2026 1:12:03 AM io.gapi.emulators.netty.HttpVersionRoutingHandler channelRead
INFO: Detected non-HTTP/2 connection.
 {"metadata":{"emulator":{"name":"firestore"},"message":"Jun 29, 2026 1:12:03 AM io.gapi.emulators.netty.HttpVersionRoutingHandler channelRead\nINFO: Detected non-HTTP/2 connection.\n"}}
[debug] [2026-06-28T16:12:03.375Z] Jun 29, 2026 1:12:03 AM com.google.cloud.datastore.emulator.firestore.websocket.WebSocketChannelHandler initChannel
INFO: Connected to new websocket client
 {"metadata":{"emulator":{"name":"firestore"},"message":"Jun 29, 2026 1:12:03 AM com.google.cloud.datastore.emulator.firestore.websocket.WebSocketChannelHandler initChannel\nINFO: Connected to new websocket client\n"}}
[debug] [2026-06-28T16:12:03.393Z] Jun 29, 2026 1:12:03 AM io.gapi.emulators.netty.HttpVersionRoutingHandler channelRead
INFO: Detected non-HTTP/2 connection.
 {"metadata":{"emulator":{"name":"firestore"},"message":"Jun 29, 2026 1:12:03 AM io.gapi.emulators.netty.HttpVersionRoutingHandler channelRead\nINFO: Detected non-HTTP/2 connection.\n"}}
[debug] [2026-06-28T16:12:03.403Z] Jun 29, 2026 1:12:03 AM com.google.cloud.datastore.emulator.firestore.webchannel.FirestoreV1WebChannelAdapter$FirestoreListenHandler onClose
INFO: channel closed
 {"metadata":{"emulator":{"name":"firestore"},"message":"Jun 29, 2026 1:12:03 AM com.google.cloud.datastore.emulator.firestore.webchannel.FirestoreV1WebChannelAdapter$FirestoreListenHandler onClose\nINFO: channel closed\n"}}
[debug] [2026-06-28T16:12:03.412Z] Jun 29, 2026 1:12:03 AM io.gapi.emulators.netty.HttpVersionRoutingHandler channelRead
INFO: Detected non-HTTP/2 connection.
 {"metadata":{"emulator":{"name":"firestore"},"message":"Jun 29, 2026 1:12:03 AM io.gapi.emulators.netty.HttpVersionRoutingHandler channelRead\nINFO: Detected non-HTTP/2 connection.\n"}}
[debug] [2026-06-28T16:12:03.420Z] Jun 29, 2026 1:12:03 AM io.gapi.emulators.netty.HttpVersionRoutingHandler channelRead
INFO: Detected non-HTTP/2 connection.
 {"metadata":{"emulator":{"name":"firestore"},"message":"Jun 29, 2026 1:12:03 AM io.gapi.emulators.netty.HttpVersionRoutingHandler channelRead\nINFO: Detected non-HTTP/2 connection.\n"}}
[debug] [2026-06-28T16:12:06.749Z] Jun 29, 2026 1:12:06 AM io.gapi.emulators.netty.HttpVersionRoutingHandler channelRead
INFO: Detected non-HTTP/2 connection.
 {"metadata":{"emulator":{"name":"firestore"},"message":"Jun 29, 2026 1:12:06 AM io.gapi.emulators.netty.HttpVersionRoutingHandler channelRead\nINFO: Detected non-HTTP/2 connection.\n"}}
[debug] [2026-06-28T16:12:06.776Z] Jun 29, 2026 1:12:06 AM io.gapi.emulators.netty.HttpVersionRoutingHandler channelRead
INFO: Detected non-HTTP/2 connection.
 {"metadata":{"emulator":{"name":"firestore"},"message":"Jun 29, 2026 1:12:06 AM io.gapi.emulators.netty.HttpVersionRoutingHandler channelRead\nINFO: Detected non-HTTP/2 connection.\n"}}
[debug] [2026-06-28T16:12:08.613Z] Jun 29, 2026 1:12:08 AM io.gapi.emulators.netty.HttpVersionRoutingHandler channelRead
INFO: Detected non-HTTP/2 connection.
 {"metadata":{"emulator":{"name":"firestore"},"message":"Jun 29, 2026 1:12:08 AM io.gapi.emulators.netty.HttpVersionRoutingHandler channelRead\nINFO: Detected non-HTTP/2 connection.\n"}}
